// Jest Snapshot v1, https://goo.gl/fbAQLP

exports[`Third SnapShot Test 1`] = `<div />`;
